// Jest Snapshot v1, https://goo.gl/fbAQLP

exports[`TableItem match snapshot 1`] = `
<tbody>
  <tr>
    <td>
      1
    </td>
    <td>
      Melisa
    </td>
    <td>
      Black
    </td>
    <td>
      11111111
    </td>
    <td>
      female
    </td>
    <td>
      28
    </td>
    <td>
      <button
        className="btn btn-primary btn-sm"
        onClick={[Function]}
      >
        Delete
      </button>
    </td>
  </tr>
</tbody>
`;
